running develop
running egg_info
creating real.egg-info
writing real.egg-info/PKG-INFO
writing dependency_links to real.egg-info/dependency_links.txt
writing entry points to real.egg-info/entry_points.txt
writing requirements to real.egg-info/requires.txt
writing top-level names to real.egg-info/top_level.txt
writing manifest file 'real.egg-info/SOURCES.txt'
reading manifest file 'real.egg-info/SOURCES.txt'
writing manifest file 'real.egg-info/SOURCES.txt'
running build_ext
Creating /home/sakazu01/code/lela/install/real/lib/python3.12/site-packages/real.egg-link (link to .)
Installing camera_controller script to /home/sakazu01/code/lela/install/real/lib/real
Installing color_detector script to /home/sakazu01/code/lela/install/real/lib/real
Installing drop_calculator script to /home/sakazu01/code/lela/install/real/lib/real
Installing mission_monitor script to /home/sakazu01/code/lela/install/real/lib/real
Installing servo_controller script to /home/sakazu01/code/lela/install/real/lib/real
Installing state_manager script to /home/sakazu01/code/lela/install/real/lib/real

Installed /home/sakazu01/code/lela/build/real
running symlink_data
creating /home/sakazu01/code/lela/install/real/share/ament_index
creating /home/sakazu01/code/lela/install/real/share/ament_index/resource_index
creating /home/sakazu01/code/lela/install/real/share/ament_index/resource_index/packages
symbolically linking /home/sakazu01/code/lela/build/real/resource/real -> /home/sakazu01/code/lela/install/real/share/ament_index/resource_index/packages
symbolically linking /home/sakazu01/code/lela/build/real/package.xml -> /home/sakazu01/code/lela/install/real/share/real
creating /home/sakazu01/code/lela/install/real/share/real/launch
symbolically linking /home/sakazu01/code/lela/build/real/launch/sitl_hybrid.launch.py -> /home/sakazu01/code/lela/install/real/share/real/launch
symbolically linking /home/sakazu01/code/lela/build/real/launch/hardware.launch.py -> /home/sakazu01/code/lela/install/real/share/real/launch
symbolically linking /home/sakazu01/code/lela/build/real/launch/production.launch.py -> /home/sakazu01/code/lela/install/real/share/real/launch
creating /home/sakazu01/code/lela/install/real/share/real/config
symbolically linking /home/sakazu01/code/lela/build/real/real/config/params.yaml -> /home/sakazu01/code/lela/install/real/share/real/config
